// Jest Snapshot v1, https://goo.gl/fbAQLP

exports[`render icon item renders 1`] = `ShallowWrapper {}`;

exports[`render icon item return the default empty array 1`] = `ShallowWrapper {}`;
